whisper_init_from_file_with_params_no_state: loading model from 'ggml-breeze-asr-26.bin'
whisper_init_with_params_no_state: use gpu    = 1
whisper_init_with_params_no_state: flash attn = 1
whisper_init_with_params_no_state: gpu_device = 0
whisper_init_with_params_no_state: dtw        = 0
ggml_cuda_init: GGML_CUDA_FORCE_MMQ:    no
ggml_cuda_init: GGML_CUDA_FORCE_CUBLAS: no
ggml_cuda_init: found 1 CUDA devices:
  Device 0: NVIDIA GeForce RTX 4090 Laptop GPU, compute capability 8.9, VMM: yes
whisper_init_with_params_no_state: backends   = 2
whisper_model_load: loading model
whisper_model_load: n_vocab       = 51865
whisper_model_load: n_audio_ctx   = 1500
whisper_model_load: n_audio_state = 1280
whisper_model_load: n_audio_head  = 20
whisper_model_load: n_audio_layer = 32
whisper_model_load: n_text_ctx    = 448
whisper_model_load: n_text_state  = 1280
whisper_model_load: n_text_head   = 20
whisper_model_load: n_text_layer  = 32
whisper_model_load: n_mels        = 80
whisper_model_load: ftype         = 1
whisper_model_load: qntvr         = 0
whisper_model_load: type          = 5 (large)
whisper_model_load: adding 1607 extra tokens
whisper_model_load: n_langs       = 99
whisper_model_load:    CUDA0 total size =  3093.99 MB
whisper_model_load: model size    = 3093.99 MB
whisper_backend_init_gpu: using CUDA backend
whisper_init_state: kv self size  =   83.89 MB
whisper_init_state: kv cross size =  251.66 MB
whisper_init_state: kv pad  size  =    7.86 MB
whisper_init_state: compute buffer (conv)   =   35.65 MB
whisper_init_state: compute buffer (encode) =   55.33 MB
whisper_init_state: compute buffer (cross)  =    9.25 MB
whisper_init_state: compute buffer (decode) =  100.02 MB
whisper_backend_init_gpu: using CUDA backend
whisper_init_state: kv self size  =   83.89 MB
whisper_init_state: kv cross size =  251.66 MB
whisper_init_state: kv pad  size  =    7.86 MB
whisper_init_state: compute buffer (conv)   =   35.65 MB
whisper_init_state: compute buffer (encode) =   55.33 MB
whisper_init_state: compute buffer (cross)  =    9.25 MB
whisper_init_state: compute buffer (decode) =  100.02 MB
whisper_backend_init_gpu: using CUDA backend
whisper_init_state: kv self size  =   83.89 MB
whisper_init_state: kv cross size =  251.66 MB
whisper_init_state: kv pad  size  =    7.86 MB
whisper_init_state: compute buffer (conv)   =   35.65 MB
whisper_init_state: compute buffer (encode) =   55.33 MB
whisper_init_state: compute buffer (cross)  =    9.25 MB
whisper_init_state: compute buffer (decode) =  100.02 MB
whisper_backend_init_gpu: using CUDA backend
whisper_init_state: kv self size  =   83.89 MB
whisper_init_state: kv cross size =  251.66 MB
whisper_init_state: kv pad  size  =    7.86 MB
whisper_init_state: compute buffer (conv)   =   35.65 MB
whisper_init_state: compute buffer (encode) =   55.33 MB
whisper_init_state: compute buffer (cross)  =    9.25 MB
whisper_init_state: compute buffer (decode) =  100.02 MB
whisper_backend_init_gpu: using CUDA backend
whisper_init_state: kv self size  =   83.89 MB
whisper_init_state: kv cross size =  251.66 MB
whisper_init_state: kv pad  size  =    7.86 MB
whisper_init_state: compute buffer (conv)   =   35.65 MB
whisper_init_state: compute buffer (encode) =   55.33 MB
whisper_init_state: compute buffer (cross)  =    9.25 MB
whisper_init_state: compute buffer (decode) =  100.02 MB
whisper_backend_init_gpu: using CUDA backend
whisper_init_state: kv self size  =   83.89 MB
whisper_init_state: kv cross size =  251.66 MB
whisper_init_state: kv pad  size  =    7.86 MB
whisper_init_state: compute buffer (conv)   =   35.65 MB
whisper_init_state: compute buffer (encode) =   55.33 MB
whisper_init_state: compute buffer (cross)  =    9.25 MB
whisper_init_state: compute buffer (decode) =  100.02 MB
whisper_backend_init_gpu: using CUDA backend
whisper_init_state: kv self size  =   83.89 MB
whisper_init_state: kv cross size =  251.66 MB
whisper_init_state: kv pad  size  =    7.86 MB
whisper_init_state: compute buffer (conv)   =   35.65 MB
whisper_init_state: compute buffer (encode) =   55.33 MB
whisper_init_state: compute buffer (cross)  =    9.25 MB
whisper_init_state: compute buffer (decode) =  100.02 MB
whisper_backend_init_gpu: using CUDA backend
whisper_init_state: kv self size  =   83.89 MB
whisper_init_state: kv cross size =  251.66 MB
whisper_init_state: kv pad  size  =    7.86 MB
whisper_init_state: compute buffer (conv)   =   35.65 MB
whisper_init_state: compute buffer (encode) =   55.33 MB
whisper_init_state: compute buffer (cross)  =    9.25 MB
whisper_init_state: compute buffer (decode) =  100.02 MB
whisper_backend_init_gpu: using CUDA backend
whisper_init_state: kv self size  =   83.89 MB
whisper_init_state: kv cross size =  251.66 MB
whisper_init_state: kv pad  size  =    7.86 MB
whisper_init_state: compute buffer (conv)   =   35.65 MB
whisper_init_state: compute buffer (encode) =   55.33 MB
whisper_init_state: compute buffer (cross)  =    9.25 MB
whisper_init_state: compute buffer (decode) =  100.02 MB
whisper_backend_init_gpu: using CUDA backend
whisper_init_state: kv self size  =   83.89 MB
whisper_init_state: kv cross size =  251.66 MB
whisper_init_state: kv pad  size  =    7.86 MB
whisper_init_state: compute buffer (conv)   =   35.65 MB
whisper_init_state: compute buffer (encode) =   55.33 MB
whisper_init_state: compute buffer (cross)  =    9.25 MB
whisper_init_state: compute buffer (decode) =  100.02 MB
